[aclevo.xyz/index.html]
[aclevo.xyz/storage/app/media/Blog/Aclevo2019Logo_o-1.png]
[backblue.gif]
[fade.gif]
[index.html]
[aclevo.xyz/manifest.json]
[aclevo.xyz/favicon.ico]
[aclevo.xyz/storage/app/media/Blog/Aclevo2019Icon.png]
[aclevo.xyz/themes/aclevo-theme/assets/font/ostrich-sans/ostrich-rounded.eot]
[aclevo.xyz/themes/aclevo-theme/assets/font/ostrich-sans/ostrich-rounded.woff]
[aclevo.xyz/themes/aclevo-theme/assets/font/ostrich-sans/ostrich-rounded.ttf]
[aclevo.xyz/themes/aclevo-theme/assets/font/ostrich-sans/ostrich-rounded.svg]
[aclevo.xyz/themes/aclevo-theme/assets/font/ostrich-sans/ostrich-black.eot]
[aclevo.xyz/themes/aclevo-theme/assets/font/ostrich-sans/ostrich-black.woff]
[aclevo.xyz/themes/aclevo-theme/assets/font/ostrich-sans/ostrich-black.ttf]
[aclevo.xyz/themes/aclevo-theme/assets/font/ostrich-sans/ostrich-black.svg]
[aclevo.xyz/themes/aclevo-theme/assets/css/bootstrap.min.css]
[aclevo.xyz/projects/nova-x.html]
[aclevo.xyz/projects/react-os-xp-edition.html]
[aclevo.xyz/projects/supernova-webserver.html]
[aclevo.xyz/series/data-on-the-waves.html]
[aclevo.xyz/series/keep-talking-and-nobody-explodes.html]
[aclevo.xyz/series/minecraft-mining.html]
[aclevo.xyz/series/minecraft-railfailing.html]
[aclevo.xyz/blog.html]
[aclevo.xyz/about.html]
[aclevo.xyz/contact.html]
[aclevo.xyz/storage/app/media/sectionMain_contrastBlueInverted2.png]
[aclevo.xyz/storage/app/media/uploaded-files/typing.webp]
[aclevo.xyz/storage/app/media/uploaded-files/holding_hands.webp]
[pagead2.googlesyndication.com/pagead/js/f.txt]
[aclevo.xyz/themes/aclevo-theme/assets/js/jquery-3.4.1.slim.min.js]
[aclevo.xyz/themes/aclevo-theme/assets/js/popper.min.js]
[aclevo.xyz/themes/aclevo-theme/assets/js/bootstrap.min.js]
[aclevo.xyz/index.html]
[aclevo.xyz/favicon.html]
[aclevo.xyz/themes/aclevo-theme/assets/font/ostrich-sans/ostrich-rounded.svg]
[aclevo.xyz/themes/aclevo-theme/assets/font/ostrich-sans/ostrich-black.svg]
[aclevo.xyz/themes/aclevo-theme/assets/css/bootstrap.min.css]
[aclevo.xyz/modules/system/assets/js/framework.combined-min.js]
[aclevo.xyz/modules/system/assets/css/framework.extras-min.css]
[aclevo.xyz/storage/app/media/Blog/Aclevo2019Logo-1.png]
[aclevo.xyz/projects/teklik-development]
[aclevo.xyz/storage/app/media/Projects/NovaX_Preview.png]
[aclevo.xyz/projects/nova-x.html]
[aclevo.xyz/storage/app/media/Projects/d3b3faddb052e799d02067f714eaddde.png]
[aclevo.xyz/projects/react-os-xp-edition.html]
[aclevo.xyz/storage/app/media/Projects/1564894138293.png]
[aclevo.xyz/projects/supernova-webserver.html]
[aclevo.xyz/series/teklik-development.25.delayed]
[aclevo.xyz/storage/app/media/Projects/video031.png]
[aclevo.xyz/series/data-on-the-waves.html]
[aclevo.xyz/series/espera-studios]
[aclevo.xyz/storage/app/media/Projects/video029.png]
[aclevo.xyz/series/keep-talking-and-nobody-explodes.html]
[aclevo.xyz/storage/app/media/Projects/video026.png]
[aclevo.xyz/series/minecraft-mining.html]
[aclevo.xyz/storage/app/media/Projects/video027.png]
[aclevo.xyz/series/minecraft-railfailing.html]
[aclevo.xyz/storage/app/media/index.html]
[aclevo.xyz/blog/post/mario-kart-tour-review.html]
[aclevo.xyz/blog/post/freeoffice-suite-review.html]
[aclevo.xyz/storage/app/media/Blog/fb-v2.png]
[aclevo.xyz/blog/post/game-review-maplestory-2.html]
[aclevo.xyz/storage/app/media/Blog/1564807444176.png]
[aclevo.xyz/blog/post/aclevo-live-more-august-update.html]
[aclevo.xyz/storage/app/media/Blog/arch-linux-based-distributions-featured-800x400.png]
[aclevo.xyz/blog/post/arch-experiments-removing-pacman.html]
[aclevo.xyz/storage/app/media/Blog/alexander-possingham-sTFzGbYWFss-unsplash.jpg]
[aclevo.xyz/vegan-dairy-free-oreo-milkshake-ice-cream-optional/index.html]
[aclevo.xyz/blog/post/make-your-own-slushie-only-5-easy-steps.html]
[aclevo.xyz/storage/app/media/Blog/GameMakerStudioLogo.png]
[aclevo.xyz/blog/post/review-gamemaker-studio-2.html]
[aclevo.xyz/storage/app/media/Blog/Aclevo2019CoverArt.png]
[aclevo.xyz/blog/post/new-aclevo-may-update.html]
[aclevo.xyz/storage/app/media/Blog/1-oeskvheupyhlt1emhuevaa.png]
[aclevo.xyz/blog/post/discord-terms-service-update-banning-nsfw-cub-content.html]
[aclevo.xyz/storage/app/media/Blog/image-1.png]
[aclevo.xyz/blog/post/blogging-static-blog-static-vs-dynamic-websites.html]
[aclevo.xyz/blog/default/2.html]
[aclevo.xyz/blog/uncategorized.html]
[aclevo.xyz/blog/announcements.html]
[aclevo.xyz/blog/scerci-media.html]
[aclevo.xyz/blog/espera-studios.html]
[aclevo.xyz/blog/teklik-development.html]
[aclevo.xyz/blog.html]
[aclevo.xyz/about.html]
[aclevo-new.disqus.com/embed.js]
[www.google.com/recaptcha/apifef7.js]
[aclevo.xyz/contact.html]
[aclevo.xyz/modules/system/assets/css/framework.extras-min.css]
[aclevo.xyz/projects/teklik-development.html]
[aclevo.xyz/series/teklik-development.html]
[aclevo.xyz/series/espera-studios.html]
[aclevo.xyz/storage/app/media/index.html]
[aclevo.xyz/account]
[aclevo.xyz/blog/post/mario-kart-tour-review.html]
[aclevo.xyz/blog/post/_https_/www.youtube.com/embed/Qh4ODF5TiRo_]
[aclevo.xyz/blog/post/_https_/www.freeoffice.com/en/freeoffice__here]
[aclevo.xyz/storage/app/media/uploaded-files/video032.png]
[aclevo.xyz/blog/post/freeoffice-suite-review.html]
[aclevo.xyz/blog/post/game-review-maplestory-2.html]
[aclevo.xyz/blog/post/_https_/aclevo.xyz/storage/app/media/Blog/1564807444176.png___/span__/span_A]
[aclevo.xyz/storage/app/media/Blog/Screenshot_2.png]
[aclevo.xyz/blog/post/aclevo-live-more-august-update.html]
[aclevo.xyz/storage/app/media/Blog/download.png]
[aclevo.xyz/blog/post/arch-experiments-removing-pacman.html]
[aclevo.xyz/vegan-dairy-free-oreo-milkshake-ice-cream-optional/index.html]
[aclevo.xyz/arch-gentoo-and-linux-from-scratch-an-experience-with-the-three-most-challenging-nix-oses/index.html]
[aclevo.xyz/blog/post/_https_/aclevo.xyz/vegan-dairy-free-oreo-milkshake-ice-cream-optional/__which]
[aclevo.xyz/blog/post/make-your-own-slushie-only-5-easy-steps.html]
[aclevo.xyz/blog/post/review-gamemaker-studio-2.html]
[aclevo.xyz/storage/app/media/Blog/Aclevo2019Logo-4.png]
[aclevo.xyz/storage/app/media/Blog/Screenshot_20190525_210525.png]
[aclevo.xyz/storage/app/media/Blog/CurrentAclevoVideos.png]
[aclevo.xyz/blog/post/new-aclevo-may-update.html]
[aclevo.xyz/blog/post/discord-terms-service-update-banning-nsfw-cub-content.html]
[aclevo.xyz/storage/app/media/Blog/image-2.png]
[aclevo.xyz/blog/post/neocities.53.delayed]
[aclevo.xyz/storage/app/media/Blog/image-3.png]
[aclevo.xyz/storage/app/media/Blog/image-4.png]
[aclevo.xyz/blog/post/netlify.com]
[aclevo.xyz/storage/app/media/Blog/image-5.png]
[aclevo.xyz/blog/post/blogging-static-blog-static-vs-dynamic-websites.html]
[aclevo.xyz/storage/app/media/Blog/lgm_ide_nimbus.png]
[aclevo.xyz/blog/post/lateralgm-open-source-alternative-gamemaker.html]
[aclevo.xyz/blog/post/landys-farm-trailer.html]
[aclevo.xyz/blog/post/baylandia-trailer-minecraft-town-scythal.html]
[aclevo.xyz/blog/post/aclevos-2019.html]
[aclevo.xyz/blog/post/super-smash-bros-ultimate-review.html]
[aclevo.xyz/blog/post/artificial-intelligence-surveillance-rise.html]
[aclevo.xyz/blog/post/poms-drop-party-minecrafters-dream.html]
[aclevo.xyz/blog/post/minecraft-roller-coaster-ride.html]
[aclevo.xyz/storage/app/media/Blog/job-seekers_11487588.jpg]
[aclevo.xyz/blog/post/becoming-adult-introduction.html]
[aclevo.xyz/storage/app/media/Blog/fbheaderimg-1.jpg]
[aclevo.xyz/blog/post/how-remove-your-facebook-why-you-should.html]
[aclevo.xyz/blog/default/3.html]
[aclevo.xyz/blog/default/2.html]
[aclevo.xyz/blog/uncategorized.html]
[aclevo.xyz/blog/default/1.html]
[aclevo.xyz/blog/announcements.html]
[aclevo.xyz/blog/post/aclevo-leaving-youtube-why.html]
[aclevo.xyz/blog/post/vegan-dairy-free-oreo-milkshake-ice-cream-optional.html]
[aclevo.xyz/storage/app/media/Blog/1-oEsKvHEupyHLT1EmhUeVAA-2.png]
[aclevo.xyz/blog/scerci-media.html]
[aclevo.xyz/blog/espera-studios.html]
[aclevo.xyz/blog/post/discords-new-policies-how-they-affect-you.html]
[aclevo.xyz/blog/post/youtube-monetization-threshold.html]
[aclevo.xyz/storage/app/media/Blog/gentoo-horizontal.png]
[aclevo.xyz/blog/post/gentoo-linux-review.html]
[aclevo.xyz/blog/post/how-be-anonymous-online-using-vpn.html]
[aclevo.xyz/blog/post/neverware-cloudready-your-laptop.html]
[aclevo.xyz/blog/teklik-development.html]
[aclevo.xyz/account.html]
[aclevo.xyz/blog/post/_https_/www.youtube.com/embed/Qh4ODF5TiRo_.html]
[aclevo.xyz/blog/post/_https_/www.freeoffice.com/en/freeoffice__here.html]
[aclevo.xyz/storage/app/media/uploaded-files/video032.html]
[aclevo.xyz/blog/post/_https_/aclevo.xyz/storage/app/media/Blog/1564807444176.png___/span__/span_A.html]
[aclevo.xyz/storage/app/media/Blog/download.html]
[aclevo.xyz/arch-gentoo-and-linux-from-scratch-an-experience-with-the-three-most-challenging-nix-oses/index.html]
[aclevo.xyz/blog/post/_https_/aclevo.xyz/vegan-dairy-free-oreo-milkshake-ice-cream-optional/__which.html]
[aclevo.xyz/blog/post/neocities.html]
[aclevo.xyz/blog/post/netlify.html]
[aclevo.xyz/blog/teklik-development/2.html]
[aclevo.xyz/blog/post/github.com/enigma-dev/enigma-dev]
[aclevo.xyz/blog/post/lateralgm-open-source-alternative-gamemaker.html]
[aclevo.xyz/blog/post/_https_/www.youtube.com/embed/Ox0yJ8N3eCw250f]
[aclevo.xyz/blog/post/landys-farm-trailer.html]
[aclevo.xyz/blog/post/_https_/www.youtube.com/embed/O-uNC0RsBEM250f]
[aclevo.xyz/blog/post/baylandia-trailer-minecraft-town-scythal.html]
[aclevo.xyz/storage/app/media/AclevoWave-New2.jpg]
[aclevo.xyz/blog/post/aclevos-2019.html]
[aclevo.xyz/blog/post/super-smash-bros-ultimate-review.html]
[aclevo.xyz/blog/post/artificial-intelligence-surveillance-rise.html]
[aclevo.xyz/blog/post/_https_/www.youtube.com/embed/BmC6qEDVXPU_]
[aclevo.xyz/blog/post/poms-drop-party-minecrafters-dream.html]
[aclevo.xyz/blog/post/_https_/www.youtube.com/embed/FbqYmqt0K04_]
[aclevo.xyz/blog/post/minecraft-roller-coaster-ride.html]
[aclevo.xyz/blog/post/becoming-adult-introduction.html]
[aclevo.xyz/blog/post/_https_/np.reddit.com/r/AntiFacebook/wiki/index__here’s]
[aclevo.xyz/blog/post/how-remove-your-facebook-why-you-should.html]
[aclevo.xyz/storage/app/media/Blog/archlinux-logo-dark-1200dpi.b42bd35d5916.png]
[aclevo.xyz/blog/default/3.html]
[aclevo.xyz/blog/default/1.html]
[aclevo.xyz/blog/post/arch-linux-review.html]
[aclevo.xyz/storage/app/media/CurrentAclevoVideos.png]
[aclevo.xyz/blog/post/aclevo-leaving-youtube-why.html]
[aclevo.xyz/blog/post/vegan-dairy-free-oreo-milkshake-ice-cream-optional.html]
[support.discordapp.com/hc/article_attachments/115000262372/ReportMenuStuff.png]
[cdn-images-1.medium.com/max/800/1_EHs5sUhiuBPQJLVubZ5foA.png]
[aclevo.xyz/blog/post/discords-new-policies-how-they-affect-you.html]
[aclevo.xyz/blog/post/_https_/steemitimages.com/p/2gsjgna1uruvUuS7ndh9YqVwYGPLVszbFLwwpAYXZ22KjF4kxSuPrh3ykHkehEMedWCTbHc62gk7vVp2R2vGRGqsaDqHUoECFTsKByC4QdzkmgPq9x83f0]
[aclevo.xyz/blog/post/youtube-monetization-threshold.html]
[aclevo.xyz/blog/post/gentoo-linux-review.html]
[aclevo.xyz/storage/app/media/anonvpn.jpg]
[aclevo.xyz/blog/post/how-be-anonymous-online-using-vpn.html]
[aclevo.xyz/storage/app/media/CloudReady-2.jpg]
[aclevo.xyz/blog/post/neverware-cloudready-your-laptop.html]
[aclevo.xyz/blog/teklik-development/2.html]
[aclevo.xyz/blog/post/github.com/enigma-dev/enigma-dev.html]
[aclevo.xyz/blog/post/_https_/www.youtube.com/embed/Ox0yJ8N3eCw250f.html]
[aclevo.xyz/blog/post/_https_/www.youtube.com/embed/O-uNC0RsBEM250f.html]
[aclevo.xyz/storage/app/media/AclevoWave-New2.html]
[aclevo.xyz/blog/post/_https_/www.youtube.com/embed/BmC6qEDVXPU_.html]
[aclevo.xyz/blog/post/_https_/www.youtube.com/embed/FbqYmqt0K04_.html]
[aclevo.xyz/blog/post/_https_/np.reddit.com/r/AntiFacebook/wiki/index__here’s.html]
[aclevo.xyz/blog/post/arch-linux-review.html]
[aclevo.xyz/storage/app/media/CurrentAclevoVideos.html]
[aclevo.xyz/blog/post/_https_/steemitimages.com/p/2gsjgna1uruvUuS7ndh9YqVwYGPLVszbFLwwpAYXZ22KjF4kxSuPrh3ykHkehEMedWCTbHc62gk7vVp2R2vGRGqsaDqHUoECFTsKByC4QdzkmgPq9x83f0.html]
[aclevo.xyz/storage/app/media/anonvpn.html]
[aclevo.xyz/storage/app/media/CloudReady-2.html]
[aclevo.xyz/blog/teklik-development/1.html]
[aclevo.xyz/blog/teklik-development/1.html]
